<?xml version="1.0" encoding="utf-8"?><testsuites name="pytest tests"><testsuite name="pytest" errors="0" failures="0" skipped="0" tests="68" time="4.752" timestamp="2026-07-22T19:57:52.527609+08:00" hostname="jencao"><testcase classname="mathlab.tests.unit.test_student_model.TestCognitiveLevel" name="test_from_string_chinese" time="0.002" /><testcase classname="mathlab.tests.unit.test_student_model.TestCognitiveLevel" name="test_from_string_english" time="0.000" /><testcase classname="mathlab.tests.unit.test_student_model.TestCognitiveLevel" name="test_from_string_invalid_defaults_to_understand" time="0.000" /><testcase classname="mathlab.tests.unit.test_student_model.TestCognitiveLevel" name="test_to_chinese" time="0.000" /><testcase classname="mathlab.tests.unit.test_student_model.TestCognitiveLevel" name="test_hierarchy_order" time="0.000" /><testcase classname="mathlab.tests.unit.test_student_model.TestStudentModel" name="test_initial_state" time="0.000" /><testcase classname="mathlab.tests.unit.test_student_model.TestStudentModel" name="test_record_correct_answer_increases_mastery" time="0.003" /><testcase classname="mathlab.tests.unit.test_student_model.TestStudentModel" name="test_record_wrong_answer_decreases_mastery" time="0.000" /><testcase classname="mathlab.tests.unit.test_student_model.TestStudentModel" name="test_cognitive_level_promotion_on_success" time="0.000" /><testcase classname="mathlab.tests.unit.test_student_model.TestStudentModel" name="test_cognitive_level_capped_at_create" time="0.000" /><testcase classname="mathlab.tests.unit.test_student_model.TestStudentModel" name="test_engagement_score_increases_on_success" time="0.000" /><testcase classname="mathlab.tests.unit.test_student_model.TestStudentModel" name="test_engagement_score_decreases_on_failure" time="0.000" /><testcase classname="mathlab.tests.unit.test_student_model.TestStudentModel" name="test_engagement_score_floor" time="0.001" /><testcase classname="mathlab.tests.unit.test_student_model.TestStudentModel" name="test_weakness_areas_tracking" time="0.001" /><testcase classname="mathlab.tests.unit.test_student_model.TestStudentModel" name="test_mastery_level_description" time="0.001" /><testcase classname="mathlab.tests.unit.test_student_model.TestStudentModel" name="test_zpd_zone" time="0.000" /><testcase classname="mathlab.tests.unit.test_student_model.TestStudentModel" name="test_zpd_zone_at_max" time="0.000" /><testcase classname="mathlab.tests.unit.test_student_model.TestStudentModel" name="test_interaction_history_truncation" time="0.002" /><testcase classname="mathlab.tests.unit.test_student_model.TestStudentModel" name="test_learning_style_inference_visual" time="0.001" /><testcase classname="mathlab.tests.unit.test_student_model.TestStudentModel" name="test_learning_style_inference_analytical" time="0.001" /><testcase classname="mathlab.tests.unit.test_student_model.TestStudentModel" name="test_profile_summary" time="0.000" /><testcase classname="mathlab.tests.unit.test_student_model.TestStudentModel" name="test_serialization_roundtrip" time="0.001" /><testcase classname="mathlab.tests.unit.test_student_model.TestAdaptiveEngine" name="test_build_adaptive_prompt_contains_key_sections" time="0.001" /><testcase classname="mathlab.tests.unit.test_student_model.TestAdaptiveEngine" name="test_build_adaptive_prompt_includes_weakness" time="0.001" /><testcase classname="mathlab.tests.unit.test_student_model.TestAdaptiveEngine" name="test_classify_interaction_draw" time="0.000" /><testcase classname="mathlab.tests.unit.test_student_model.TestAdaptiveEngine" name="test_classify_interaction_solve" time="0.000" /><testcase classname="mathlab.tests.unit.test_student_model.TestAdaptiveEngine" name="test_classify_interaction_explain" time="0.000" /><testcase classname="mathlab.tests.unit.test_student_model.TestAdaptiveEngine" name="test_extract_knowledge_point" time="0.000" /><testcase classname="mathlab.tests.unit.test_student_model.TestAdaptiveEngine" name="test_difficulty_suggestion_high_success" time="0.001" /><testcase classname="mathlab.tests.unit.test_student_model.TestAdaptiveEngine" name="test_difficulty_suggestion_low_success" time="0.000" /><testcase classname="mathlab.tests.unit.test_student_model.TestAdaptiveEngine" name="test_recommended_cognitive_demand" time="0.000" /><testcase classname="mathlab.tests.unit.test_student_model.TestAdaptiveEngine" name="test_recommended_cognitive_demand_low_engagement" time="0.000" /><testcase classname="mathlab.tests.unit.test_student_model.TestStudentModelManager" name="test_persistence_roundtrip" time="0.014" /><testcase classname="mathlab.tests.unit.test_student_model.TestStudentModelManager" name="test_reset_model" time="0.002" /><testcase classname="mathlab.tests.unit.test_student_model.TestStudentModelManager" name="test_save_all" time="0.002" /><testcase classname="mathlab.tests.unit.test_student_model.TestStudentModelManager" name="test_default_storage_dir" time="0.001" /><testcase classname="mathlab.tests.unit.test_pedagogical_engine.TestPedagogicalConstraint" name="test_socratic_constraint_detects_direct_answer" time="0.003" /><testcase classname="mathlab.tests.unit.test_pedagogical_engine.TestPedagogicalConstraint" name="test_socratic_constraint_passes_guided_content" time="0.001" /><testcase classname="mathlab.tests.unit.test_pedagogical_engine.TestPedagogicalConstraint" name="test_scaffolding_constraint_detects_obvious" time="0.000" /><testcase classname="mathlab.tests.unit.test_pedagogical_engine.TestPedagogicalConstraint" name="test_constraint_without_pattern_always_passes" time="0.000" /><testcase classname="mathlab.tests.unit.test_pedagogical_engine.TestPedagogicalPromptBuilder" name="test_build_decomposition_constraint_contains_bloom" time="0.001" /><testcase classname="mathlab.tests.unit.test_pedagogical_engine.TestPedagogicalPromptBuilder" name="test_build_decomposition_constraint_contains_socratic" time="0.000" /><testcase classname="mathlab.tests.unit.test_pedagogical_engine.TestPedagogicalPromptBuilder" name="test_build_decomposition_constraint_contains_scaffolding" time="0.000" /><testcase classname="mathlab.tests.unit.test_pedagogical_engine.TestPedagogicalPromptBuilder" name="test_build_decomposition_constraint_with_student_model" time="0.001" /><testcase classname="mathlab.tests.unit.test_pedagogical_engine.TestPedagogicalPromptBuilder" name="test_build_step_execution_constraint_contains_cognitive_level" time="0.000" /><testcase classname="mathlab.tests.unit.test_pedagogical_engine.TestPedagogicalPromptBuilder" name="test_build_step_execution_constraint_for_apply_level" time="0.000" /><testcase classname="mathlab.tests.unit.test_pedagogical_engine.TestPedagogicalPromptBuilder" name="test_build_step_execution_constraint_for_create_level" time="0.000" /><testcase classname="mathlab.tests.unit.test_pedagogical_engine.TestPedagogicalPromptBuilder" name="test_build_code_generation_constraint_has_quality_rules" time="0.001" /><testcase classname="mathlab.tests.unit.test_pedagogical_engine.TestPedagogicalPromptBuilder" name="test_build_code_generation_constraint_with_weak_knowledge" time="0.000" /><testcase classname="mathlab.tests.unit.test_pedagogical_engine.TestPedagogicalPromptBuilder" name="test_bloom_guidelines_all_levels_present" time="0.000" /><testcase classname="mathlab.tests.unit.test_pedagogical_engine.TestPedagogicalPromptBuilder" name="test_udl_principles_all_present" time="0.000" /><testcase classname="mathlab.tests.unit.test_pedagogical_engine.TestTeachingQualityEvaluator" name="test_evaluate_high_quality_content" time="0.001" /><testcase classname="mathlab.tests.unit.test_pedagogical_engine.TestTeachingQualityEvaluator" name="test_evaluate_low_quality_content" time="0.000" /><testcase classname="mathlab.tests.unit.test_pedagogical_engine.TestTeachingQualityEvaluator" name="test_evaluate_empty_content" time="0.000" /><testcase classname="mathlab.tests.unit.test_pedagogical_engine.TestTeachingQualityEvaluator" name="test_evaluate_content_missing_explanation" time="0.000" /><testcase classname="mathlab.tests.unit.test_pedagogical_engine.TestTeachingQualityEvaluator" name="test_evaluate_content_missing_steps" time="0.000" /><testcase classname="mathlab.tests.unit.test_pedagogical_engine.TestTeachingQualityEvaluator" name="test_evaluate_direct_answer_violation" time="0.000" /><testcase classname="mathlab.tests.unit.test_pedagogical_engine.TestTeachingQualityEvaluator" name="test_evaluate_missing_question_ending" time="0.000" /><testcase classname="mathlab.tests.unit.test_pedagogical_engine.TestTeachingQualityEvaluator" name="test_evaluate_single_representation_violation" time="0.001" /><testcase classname="mathlab.tests.unit.test_pedagogical_engine.TestTeachingQualityEvaluator" name="test_evaluate_coherence_with_good_plan" time="0.000" /><testcase classname="mathlab.tests.unit.test_pedagogical_engine.TestTeachingQualityEvaluator" name="test_evaluate_coherence_with_bad_plan" time="0.001" /><testcase classname="mathlab.tests.unit.test_pedagogical_engine.TestTeachingQualityEvaluator" name="test_evaluate_coherence_excessive_level_span" time="0.000" /><testcase classname="mathlab.tests.unit.test_pedagogical_engine.TestTeachingQualityEvaluator" name="test_get_overall_score_weighted" time="0.000" /><testcase classname="mathlab.tests.unit.test_pedagogical_engine.TestTeachingQualityEvaluator" name="test_build_improvement_feedback_for_failed" time="0.000" /><testcase classname="mathlab.tests.unit.test_pedagogical_engine.TestTeachingQualityEvaluator" name="test_build_improvement_feedback_all_passed" time="0.000" /><testcase classname="mathlab.tests.unit.test_pedagogical_engine.TestTeachingQualityEvaluator" name="test_quality_report_to_dict" time="0.000" /><testcase classname="mathlab.tests.unit.test_pedagogical_engine.TestTeachingQualityEvaluator" name="test_evaluate_missing_connectives" time="0.000" /><testcase classname="mathlab.tests.unit.test_pedagogical_engine.TestTeachingQualityEvaluator" name="test_evaluate_with_multiple_representations" time="0.000" /></testsuite></testsuites>